// Jest Snapshot v1, https://goo.gl/fbAQLP

exports[`MemoryAllocationInput rendering should render with default props 1`] = `
<FormGroup
  bsClass="form-group"
  validationState={null}
>
  <Grid
    bsClass="container"
    componentClass="div"
    fluid={false}
  >
    <Row
      bsClass="row"
      componentClass="div"
    >
      <Col
        bsClass="col"
        componentClass="div"
      >
        <NumberInput
          className=""
          disabled={false}
          format={[Function]}
          label="Memory"
          minValue={0}
          onChange={[Function]}
          precision={0}
          readOnly={false}
          step={256}
          value={1}
        />
      </Col>
    </Row>
  </Grid>
</FormGroup>
`;
